// Jest Snapshot v1, https://goo.gl/fbAQLP

exports[`should render without problems should render the  Quote page 1`] = `
<div>
  <h1
    className="go-down"
  >
    This is Quote Page
  </h1>
  <p>
    Mathematics as an expression of the human mind reflects the active will, the contemplative reason, and the desire for aesthetic perfection. Its basic elements are logic and intuition, analysis and construction, generality and individuality.
  </p>
  <p>
    — Richard Courant, German-American mathematician
  </p>
</div>
`;
